// Jest Snapshot v1, https://goo.gl/fbAQLP

exports[`GifListElement.vue GifListElement should render 1`] = `<li>Desc</li>`;
