// Jest Snapshot v1, https://goo.gl/fbAQLP

exports[`Loader.vue Loader should render 1`] = `<div class="ui-loader"><img src=""></div>`;
